15:18:19 **** Incremental Build of configuration Debug for project BSP ****
cs-make all 
'Building file: ../src/leds.c'
'Invoking: ARM Sourcery Windows GCC C Compiler'
arm-none-eabi-gcc -I../../BSP/include -O0 -Wall -Wa,-adhlns="src/leds.o.lst" -c -fmessage-length=0 -mapcs-frame -MMD -MP -MF"src/leds.d" -MT"src/leds.d" -mcpu=arm7tdmi -g3 -gdwarf-2 -o "src/leds.o" "../src/leds.c"
'Finished building: ../src/leds.c'
' '
'Building target: libBSP.a'
'Invoking: ARM Sourcery Windows GCC Archiver'
arm-none-eabi-ar -r  "libBSP.a"  ./src/leds.o ./src/segs.o ./src/system.o   
arm-none-eabi-ar: creating libBSP.a
'Finished building target: libBSP.a'
' '
15:18:36 **** Incremental Build of configuration Debug for project lab3 ****
cs-make all 
'Building file: ../lab3.c'
'Invoking: ARM Sourcery Windows GCC C Compiler'
arm-none-eabi-gcc -I../../BSP/include -O0 -Wall -Wa,-adhlns="lab3.o.lst" -c -fmessage-length=0 -mapcs-frame -MMD -MP -MF"lab3.d" -MT"lab3.d" -mcpu=arm7tdmi -g3 -gdwarf-2 -o "lab3.o" "../lab3.c"
../lab3.c:24:6: warning: return type of 'main' is not 'int'
'Finished building: ../lab3.c'
' '
'Building target: lab3.elf'
'Invoking: ARM Sourcery Windows GCC C Linker'
arm-none-eabi-gcc -T"C:\hlocal\PSyD\lab3\lab.ld" -nostartfiles -L../../BSP/Debug -Wl,-Map,lab3.map -mcpu=arm7tdmi -g3 -gdwarf-2 -o "lab3.elf"  ./lab3.o   -lBSP
'Finished building target: lab3.elf'
' '
'Invoking: ARM Sourcery Windows GNU Create Flash Image'
arm-none-eabi-objcopy -O binary lab3.elf  "lab3.hex"
'Finished building: lab3.hex'
' '
'Invoking: ARM Sourcery Windows GNU Create Listing'
arm-none-eabi-objdump -h -S lab3.elf > "lab3.lst"
'Finished building: lab3.lst'
' '
'Invoking: ARM Sourcery Windows GNU Print Size'
arm-none-eabi-size  --format=berkeley lab3.elf
   text	   data	    bss	    dec	    hex	filename
   1572	      0	      3	   1575	    627	lab3.elf
'Finished building: lab3.siz'
' '
15:19:13 **** Incremental Build of configuration Debug for project lab3 ****
cs-make all 
'Invoking: ARM Sourcery Windows GNU Print Size'
arm-none-eabi-size  --format=berkeley lab3.elf
   text	   data	    bss	    dec	    hex	filename
   1572	      0	      3	   1575	    627	lab3.elf
'Finished building: lab3.siz'
' '
15:19:40 **** Incremental Build of configuration Debug for project lab3 ****
cs-make all 
'Invoking: ARM Sourcery Windows GNU Print Size'
arm-none-eabi-size  --format=berkeley lab3.elf
   text	   data	    bss	    dec	    hex	filename
   1572	      0	      3	   1575	    627	lab3.elf
'Finished building: lab3.siz'
' '
